[
   {
      "name":"Museum Entrence",
      "desc":"You are standing in front of Museum Entry Gate. Museum is crowded to see Oldest Expensive Diamond.",
      "exits":{
         "security_cabin":1
      },
      "items":[
         "wappon"
      ]
   },
   {
      "name":"Security Cabin",
      "desc":"You are in a Security Cabin of the Museum.",
      "exits":{
         "museum_entrence":0,
         "museum_hall":2
      },
      "required_item":"wappon"
   },
   {
      "name":"Museum Hall",
      "desc":"You are entered in Museum Hall. There is a Oldest Expensive Diamond.",
      "exits":{
         "security_cabin":1,
         "security_checking":3
      },
      "items":[
         "diamond"
      ]
   },
   {
      "name":"Security Checking",
      "desc":"You are in Security Checking Area, There are some Security Guard.",
      "exits":{
         "museum_hall":2,
         "exit_gate":4
      },
      "restricted_item":"wappon"
   },
   {
      "name":"Museum Parking",
      "desc":"You have successfully stolen the diamond",
      "exits":{
         
      },
      "required_item":"diamond"
   }
]